FIELD1:Sample,DW1-Vanillamon,FACEDOWN,CS1-Garbagecanlid,CS1-Papershield,CS2-Masamune,FACEDOWN,CS1-Tinyshield,FACEDOWN,CS1-Gideontheguardian,SECURITY ATTACK [-+]\D
FIELD2:
GAME:P1 T3 MAIN 6
