FIELD1:Sneaky,DW1-Vanillamon,CS1-Sneakycat
FIELD2:White,DW1-Vanillamon Blue,CS2-Sharpblade Victim,CS2-Longsword,REST
GAME:P1 T2 MAIN 7
ECHO: -- Attack
CAPTURE:Target Sharp Blade 3
CAPTURE:Target Long Sword 4
FIELD1:Sneaky,DW1-Vanillamon,CS1-Sneakycat,REST
FIELD2:White,DW1-Vanillamon Blue,CS2-Sharpblade,REST
GAME:P1 T2 MAIN 7
