FIELD1:Gideon,CS1-Gideontheguardian Blocker,CS1-Obsidianshield
FIELD2:Attack1,DW1-Vanillamon
HAND1:
HAND2:
DECK1:CS1-Papershield CS1-Garbagecanlid CS1-Stoneshield
DECK2:
GAME:P2 T3 MAIN 8
ECHO: -- P2 attacks, block happens
CAPTURE:Activate Gideon The Guardian suspending
CAPTURE:Don't pay/activate
FIELD1:Gideon,CS1-Gideontheguardian,REST Blocker,CS1-Obsidianshield,REST
FIELD2:
HAND1:CS1-Garbagecanlid CS1-Stoneshield
HAND2:
DECK1:CS1-Papershield
DECK2:
GAME:P2 T3 MAIN 8
