FIELD1:Attacker,CS1-Garbagecanlid,DW1-Vanillamon Sourceless,CS1-Garbagecanlid
FIELD2:Tank,CS2-Colossalsword,REST
GAME:P1 T2 MAIN 5
ECHO: -- Attack into Tank, die, then resurrect by mandatory effect.
FIELD1:Sourceless,CS1-Garbagecanlid I4,CS1-Garbagecanlid
FIELD2:Tank,CS2-Colossalsword,REST
GAME:P1 T2 MAIN 5
ECHO: -- Attack without sources, stay ded
FIELD1:I4,CS1-Garbagecanlid
FIELD2:Tank,CS2-Colossalsword,REST
TRASH1:DW1-Vanillamon CS1-Garbagecanlid
TRASH2:
GAME:P1 T2 MAIN 5
