FIELD1:Res,DW1-Vanillamon,CS1-Gideontheguardian,5000DP,RESURRECTION Other,CS1-Stoneshield,DW1-Vanillamon,4500DP,RESURRECTION
FIELD2:Tank,CS2-Colossalsword,REST,7500DP
GAME:P1 T2 MAIN 5
ECHO: go
FIELD1:Other,CS1-Stoneshield,DW1-Vanillamon,4500DP,RESURRECTION I4,DW1-Vanillamon,5000DP
FIELD2:Tank,CS2-Colossalsword,REST,7500DP
TRASH1:CS1-Gideontheguardian
TRASH2:
GAME:P1 T2 MAIN 5
