FIELD1:
FIELD2:Atk1,CS2-Rabiddog Atk2,CS2-Rabiddog
SECURITY1:CS1-Papershield CS1-Garbagecanlid
SECURITY2:
GAME:P1 T1 MAIN 3
CAPTURE:Rabid Dog [Start of Your Main Phase] Attack with this Monster.
CAPTURE:Rabid Dog [Start of Your Main Phase] Attack with this Monster.
FIELD1:
FIELD2:Atk1,CS2-Rabiddog,REST Atk2,CS2-Rabiddog
SECURITY1:CS1-Papershield
SECURITY2:
GAME:P2 T2 MAIN 3
