FIELD1:mon,CS3-Sorceryswan Tamer,CS3-Birdwatcherbill,CS3-Fairyfeatherlink,CS3-Chirpflare evo,CS3-Fairyfeatherlink
FIELD2:
GAME:P1 T3 MAIN 6
ECHO: ------ play,  should interrupt
EFFECT-TREE:DSE DEPTH 1 PROCESSING:normal evolve
EFFECT-TREE:INT DEPTH 1 SorcerySwan
GET-CHOICES:Choose:
GET-CHOICES:Activate SorcerySwan moving card
GET-CHOICES:Don't pay/activate
FIELD1:mon,CS3-Sorceryswan Tamer,CS3-Birdwatcherbill,CS3-Fairyfeatherlink,CS3-Chirpflare evo,CS3-Fairyfeatherlink
FIELD2:
GAME:P1 T3 MAIN 6
ECHO: -- choose to tuck
EFFECT-TREE:DSE DEPTH 1 PROCESSING:normal evolve
EFFECT-TREE:INT DEPTH 1 SorcerySwan
GET-CHOICES:Choose 1 target for moving card:
GET-CHOICES:Target FairyFeatherlink BATTLE-CS3-02
GET-CHOICES:Target ChirpFlare BATTLE-CS3-03
FIELD1:mon,CS3-Sorceryswan Tamer,CS3-Birdwatcherbill,CS3-Fairyfeatherlink,CS3-Chirpflare evo,CS3-Fairyfeatherlink
FIELD2:
GAME:P1 T3 MAIN 6
ECHO: -- choose chirp, and we evo for 4-1 or 3
EFFECT-TREE:NOTHING
GET-CHOICES:Choose 1 target for moving card:
FIELD1:mon,CS3-Sorceryswan Tamer,CS3-Birdwatcherbill,CS3-Fairyfeatherlink evo,CS3-Shieldwing,CS3-Fairyfeatherlink,CS3-Chirpflare
FIELD2:
GAME:P1 T3 MAIN 3
