FIELD1:FalseHit,CS3-Sorceryswan Tamer,CS3-Birdwatcherbill,CS3-Fairyfeatherlink,CS3-Chirpflare Evo1,CS3-Shieldwing Evo2,CS3-Shieldwing
FIELD2:
GAME:P1 T3 MAIN 10
ECHO: ------ evo,  should interrupt
EFFECT-TREE:DSE DEPTH 1 PROCESSING:normal evolve
EFFECT-TREE:INT DEPTH 1 Birdwatcher Bill
GET-CHOICES:Choose:
GET-CHOICES:Activate Birdwatcher Bill suspending
GET-CHOICES:Don't pay/activate
FIELD1:FalseHit,CS3-Sorceryswan Tamer,CS3-Birdwatcherbill,CS3-Fairyfeatherlink,CS3-Chirpflare Evo1,CS3-Shieldwing Evo2,CS3-Shieldwing
FIELD2:
GAME:P1 T3 MAIN 10
ECHO: -- don't pay, skips next question and evo for 4
EFFECT-TREE:NOTHING
GET-CHOICES:Choose:
FIELD1:FalseHit,CS3-Sorceryswan Tamer,CS3-Birdwatcherbill,CS3-Fairyfeatherlink,CS3-Chirpflare Evo1,CS3-Illumifalcon,CS3-Shieldwing Evo2,CS3-Shieldwing
FIELD2:
GAME:P1 T3 MAIN 6
ECHO: ------ evo,  should interrupt
EFFECT-TREE:DSE DEPTH 1 PROCESSING:normal evolve
EFFECT-TREE:INT DEPTH 1 Birdwatcher Bill
GET-CHOICES:Choose:
GET-CHOICES:Activate Birdwatcher Bill suspending
GET-CHOICES:Don't pay/activate
FIELD1:FalseHit,CS3-Sorceryswan Tamer,CS3-Birdwatcherbill,CS3-Fairyfeatherlink,CS3-Chirpflare Evo1,CS3-Illumifalcon,CS3-Shieldwing Evo2,CS3-Shieldwing
FIELD2:
GAME:P1 T3 MAIN 6
ECHO: -- choose to pay, the tamer suspends and then we're asked what to tuck
EFFECT-TREE:DSE DEPTH 1 PROCESSING:normal evolve
EFFECT-TREE:INT DEPTH 1 Birdwatcher Bill
GET-CHOICES:Choose 1 target for moving card:
GET-CHOICES:Target FairyFeatherlink BATTLE-CS3-02
GET-CHOICES:Target ChirpFlare BATTLE-CS3-03
FIELD1:FalseHit,CS3-Sorceryswan Tamer,CS3-Birdwatcherbill,CS3-Fairyfeatherlink,CS3-Chirpflare,REST Evo1,CS3-Illumifalcon,CS3-Shieldwing Evo2,CS3-Shieldwing
FIELD2:
GAME:P1 T3 MAIN 6
ECHO: -- choose the featherlink, it's tucked and we evo for 3 instead of 4
EFFECT-TREE:NOTHING
GET-CHOICES:Choose 1 target for moving card:
FIELD1:FalseHit,CS3-Sorceryswan Tamer,CS3-Birdwatcherbill,CS3-Chirpflare,REST Evo1,CS3-Illumifalcon,CS3-Shieldwing Evo2,CS3-Illumifalcon,CS3-Shieldwing,CS3-Fairyfeatherlink
FIELD2:
GAME:P1 T3 MAIN 3
