FIELD1:Blue,CS2-12,CS2-01,7500DP Yellow,CS1-10,CS1-01,13000DP
FIELD2:5k,DW1-Vanillamon,5000DP One,CS2-03,1500DP Two,CS2-03,1500DP Three,CS2-02,2000DP
GAME:P1 T4 MAIN 7
ECHO: --- FUZOR ---
CAPTURE:Target VanillaMon 3
CAPTURE:Target Long Sword 4
CAPTURE:Target Long Sword 5
CAPTURE:Target Sharp Blade 6
FIELD1:Blue,CS2-Rampager,CS2-12,CS2-01,14000DP Yellow,CS1-10,CS1-01,13000DP
FIELD2:One,CS2-03,1500DP Two,CS2-03,1500DP Three,CS2-02,2000DP
GAME:P1 T4 MAIN 2
