FIELD1:Linked,DW1-Vanillamon,CS3-Fairyfeatherlink,PLUG,DW1-Bigmon,CS3-Fairyfeatherlink,CS3-Fairyfeatherlink,8000DP,DODGE
FIELD2:
GAME:P1 T3 MAIN 5
