FIELD1:Xxx,DW1-Memwatcher,2000DP
FIELD2:Xxx,DW1-Memwatcher,2000DP
GAME:P1 T4 MAIN -6
ECHO: ---
FIELD1:Xxx,DW1-Memwatcher,2000DP
FIELD2:Xxx,DW1-Memwatcher,2000DP
GAME:P1 T4 MAIN -5
ECHO: ---
FIELD1:Xxx,DW1-Memwatcher,2001DP
FIELD2:Xxx,DW1-Memwatcher,1600DP
GAME:P1 T4 MAIN -4
ECHO: ---
FIELD1:Xxx,DW1-Memwatcher,2003DP
FIELD2:Xxx,DW1-Memwatcher,1400DP
GAME:P1 T4 MAIN -3
ECHO: -- huh
FIELD1:Xxx,DW1-Memwatcher,2007DP
FIELD2:Xxx,DW1-Memwatcher,1300DP
GAME:P1 T4 MAIN -2
ECHO: -----zzzz
FIELD1:Xxx,DW1-Memwatcher,2017DP
FIELD2:Xxx,DW1-Memwatcher,1260DP
GAME:P1 T4 MAIN -1
FIELD1:Xxx,DW1-Memwatcher,2037DP
FIELD2:Xxx,DW1-Memwatcher,1240DP
GAME:P1 T4 MAIN 0
FIELD1:Xxx,DW1-Memwatcher,2037DP
FIELD2:Xxx,DW1-Memwatcher,1240DP
GAME:P1 T4 MAIN 0
FIELD1:Xxx,DW1-Memwatcher,2077DP
FIELD2:Xxx,DW1-Memwatcher,1230DP
GAME:P1 T4 MAIN 1
FIELD1:Xxx,DW1-Memwatcher,2177DP
FIELD2:Xxx,DW1-Memwatcher,1226DP
GAME:P1 T4 MAIN 2
ECHO: ---
FIELD1:Xxx,DW1-Memwatcher,2377DP
FIELD2:Xxx,DW1-Memwatcher,1224DP
GAME:P1 T4 MAIN 3
FIELD1:Xxx,DW1-Memwatcher,2777DP
FIELD2:Xxx,DW1-Memwatcher,1223DP
GAME:P1 T4 MAIN 4
FIELD1:Xxx,DW1-Memwatcher,2777DP
FIELD2:Xxx,DW1-Memwatcher,1223DP
GAME:P1 T4 MAIN 5
FIELD1:Xxx,DW1-Memwatcher,2777DP
FIELD2:Xxx,DW1-Memwatcher,1223DP
GAME:P1 T4 MAIN 6
