FIELD1:Attacker1,DW1-Vanillamon,DW1-Birder Attacker2,DW1-Vanillamon,DW1-Birder Attacker3,DW1-Vanillamon,DW1-Birder
FIELD2:Tank,DW1-Yellowvaxdude,REST
GAME:P1 T3 MAIN 7
FIELD1:Attacker2,DW1-Vanillamon,DW1-Birder Attacker3,DW1-Vanillamon,DW1-Birder
FIELD2:Tank,DW1-Yellowvaxdude,REST
GAME:P1 T3 MAIN 5
FIELD1:Attacker3,DW1-Vanillamon,DW1-Birder
FIELD2:Tank,DW1-Yellowvaxdude,REST
GAME:P1 T3 MAIN 3
FIELD1:
FIELD2:Tank,DW1-Yellowvaxdude,REST
GAME:P1 T3 MAIN 1
