FIELD1:Blue,CS2-12,CS2-01,7500DP Yellow,CS1-10,CS1-01,13000DP
FIELD2:Zero,CS2-02,REST,2000DP One,CS2-02,REST,2000DP Two,CS2-05,REST,5500DP Three,CS2-04,REST,4500DP
HAND1:CS2-Rampager
HAND2:
GAME:P1 T4 MAIN 7
FIELD1:Blue,CS2-12,CS2-01,7500DP Yellow,CS1-10,CS1-01,REST,14000DP
FIELD2:Zero,CS2-02,REST,2000DP Two,CS2-05,REST,5500DP Three,CS2-04,REST,4500DP
HAND1:CS2-Rampager
HAND2:
GAME:P1 T4 MAIN 7
ECHO: fusion evo, do when evolving
FIELD1:I7,CS2-Rampager,CS1-10,CS1-01,CS2-12,CS2-01,14000DP
FIELD2:Three,CS2-04,REST,4500DP
GAME:P1 T4 MAIN 7
ECHO: ------ now attack into other, get +1000 again
EFFECT-TREE:NOTHING
FIELD1:I7,CS2-Rampager,CS1-10,CS1-01,CS2-12,CS2-01,REST,15000DP
FIELD2:
GAME:P1 T4 MAIN 7
